// Jest Snapshot v1, https://goo.gl/fbAQLP

exports[`PL001655013 1`] = `true`;

exports[`PL001730050 1`] = `true`;

exports[`PL136060206 1`] = `true`;

exports[`PL201170079 1`] = `true`;

exports[`PL252980158 1`] = `true`;
